[    0.000000] Linux version 4.15.0-38-generic (buildd@lcy01-amd64-023) (gcc version 7.3.0 (Ubuntu 7.3.0-16ubuntu3)) #41-Ubuntu SMP Wed Oct 10 10:59:38 UTC 2018 (Ubuntu 4.15.0-38.41-generic 4.15.18)
[    0.000000] Command line: BOOT_IMAGE=/boot/vmlinuz-4.15.0-38-generic root=UUID=42ae2ac5-8e6f-4d6d-80e2-6064548fb804 ro console=tty1 console=ttyS0
[    0.000000] KERNEL supported cpus:
[    0.000000]   Intel GenuineIntel
[    0.000000]   AMD AuthenticAMD
[    0.000000]   Centaur CentaurHauls
[    0.000000] x86/fpu: Supporting XSAVE feature 0x001: 'x87 floating point registers'
[    0.000000] x86/fpu: Supporting XSAVE feature 0x002: 'SSE registers'
[    0.000000] x86/fpu: Supporting XSAVE feature 0x004: 'AVX registers'
[    0.000000] x86/fpu: xstate_offset[2]:  576, xstate_sizes[2]:  256
[    0.000000] x86/fpu: Enabled xstate features 0x7, context size is 832 bytes, using 'standard' format.
[    0.000000] e820: BIOS-provided physical RAM map:
[    0.000000] BIOS-e820: [mem 0x0000000000000000-0x000000000009fbff] usable
[    0.000000] BIOS-e820: [mem 0x000000000009fc00-0x000000000009ffff] reserved
[    0.000000] BIOS-e820: [mem 0x00000000000f0000-0x00000000000fffff] reserved
[    0.000000] BIOS-e820: [mem 0x0000000000100000-0x00000000dffeffff] usable
[    0.000000] BIOS-e820: [mem 0x00000000dfff0000-0x00000000dfffffff] ACPI data
[    0.000000] BIOS-e820: [mem 0x00000000fec00000-0x00000000fec00fff] reserved
[    0.000000] BIOS-e820: [mem 0x00000000fee00000-0x00000000fee00fff] reserved
[    0.000000] BIOS-e820: [mem 0x00000000fffc0000-0x00000000ffffffff] reserved
[    0.000000] BIOS-e820: [mem 0x0000000100000000-0x000000021fffffff] usable
[    0.000000] NX (Execute Disable) protection: active
[    0.000000] SMBIOS 2.5 present.
[    0.000000] DMI: innotek GmbH VirtualBox/VirtualBox, BIOS VirtualBox 12/01/2006
[    0.000000] Hypervisor detected: KVM
[    0.000000] e820: last_pfn = 0x220000 max_arch_pfn = 0x400000000
[    0.000000] MTRR: Disabled
[    0.000000] x86/PAT: MTRRs disabled, skipping PAT initialization too.
[    0.000000] CPU MTRRs all blank - virtualized system.
[    0.000000] x86/PAT: Configuration [0-7]: WB  WT  UC- UC  WB  WT  UC- UC  
[    0.000000] e820: last_pfn = 0xdfff0 max_arch_pfn = 0x400000000
[    0.000000] found SMP MP-table at [mem 0x0009fff0-0x0009ffff] mapped at [        (ptrval)]
[    0.000000] Scanning 1 areas for low memory corruption
[    0.000000] RAMDISK: [mem 0x359d5000-0x36ce1fff]
[    0.000000] ACPI: Early table checksum verification disabled
[    0.000000] ACPI: RSDP 0x00000000000E0000 000024 (v02 VBOX  )
[    0.000000] ACPI: XSDT 0x00000000DFFF0030 00003C (v01 VBOX   VBOXXSDT 00000001 ASL  00000061)
[    0.000000] ACPI: FACP 0x00000000DFFF00F0 0000F4 (v04 VBOX   VBOXFACP 00000001 ASL  00000061)
[    0.000000] ACPI: DSDT 0x00000000DFFF0470 0021FF (v02 VBOX   VBOXBIOS 00000002 INTL 20100528)
[    0.000000] ACPI: FACS 0x00000000DFFF0200 000040
[    0.000000] ACPI: FACS 0x00000000DFFF0200 000040
[    0.000000] ACPI: APIC 0x00000000DFFF0240 00005C (v02 VBOX   VBOXAPIC 00000001 ASL  00000061)
[    0.000000] ACPI: SSDT 0x00000000DFFF02A0 0001CC (v01 VBOX   VBOXCPUT 00000002 INTL 20100528)
[    0.000000] No NUMA configuration found
[    0.000000] Faking a node at [mem 0x0000000000000000-0x000000021fffffff]
[    0.000000] NODE_DATA(0) allocated [mem 0x21ffd1000-0x21fffbfff]
[    0.000000] kvm-clock: cpu 0, msr 2:1ff50001, primary cpu clock
[    0.000000] kvm-clock: Using msrs 4b564d01 and 4b564d00
[    0.000000] kvm-clock: using sched offset of 5832289596 cycles
[    0.000000] clocksource: kvm-clock: mask: 0xffffffffffffffff max_cycles: 0x1cd42e4dffb, max_idle_ns: 881590591483 ns
[    0.000000] Zone ranges:
[    0.000000]   DMA      [mem 0x0000000000001000-0x0000000000ffffff]
[    0.000000]   DMA32    [mem 0x0000000001000000-0x00000000ffffffff]
[    0.000000]   Normal   [mem 0x0000000100000000-0x000000021fffffff]
[    0.000000]   Device   empty
[    0.000000] Movable zone start for each node
[    0.000000] Early memory node ranges
[    0.000000]   node   0: [mem 0x0000000000001000-0x000000000009efff]
[    0.000000]   node   0: [mem 0x0000000000100000-0x00000000dffeffff]
[    0.000000]   node   0: [mem 0x0000000100000000-0x000000021fffffff]
[    0.000000] Initmem setup node 0 [mem 0x0000000000001000-0x000000021fffffff]
[    0.000000] Reserved but unavailable: 98 pages
[    0.000000] ACPI: PM-Timer IO Port: 0x4008
[    0.000000] IOAPIC[0]: apic_id 2, version 32, address 0xfec00000, GSI 0-23
[    0.000000] ACPI: INT_SRC_OVR (bus 0 bus_irq 0 global_irq 2 dfl dfl)
[    0.000000] ACPI: INT_SRC_OVR (bus 0 bus_irq 9 global_irq 9 high level)
[    0.000000] Using ACPI (MADT) for SMP configuration information
[    0.000000] smpboot: Allowing 2 CPUs, 0 hotplug CPUs
[    0.000000] PM: Registered nosave memory: [mem 0x00000000-0x00000fff]
[    0.000000] PM: Registered nosave memory: [mem 0x0009f000-0x0009ffff]
[    0.000000] PM: Registered nosave memory: [mem 0x000a0000-0x000effff]
[    0.000000] PM: Registered nosave memory: [mem 0x000f0000-0x000fffff]
[    0.000000] PM: Registered nosave memory: [mem 0xdfff0000-0xdfffffff]
[    0.000000] PM: Registered nosave memory: [mem 0xe0000000-0xfebfffff]
[    0.000000] PM: Registered nosave memory: [mem 0xfec00000-0xfec00fff]
[    0.000000] PM: Registered nosave memory: [mem 0xfec01000-0xfedfffff]
[    0.000000] PM: Registered nosave memory: [mem 0xfee00000-0xfee00fff]
[    0.000000] PM: Registered nosave memory: [mem 0xfee01000-0xfffbffff]
[    0.000000] PM: Registered nosave memory: [mem 0xfffc0000-0xffffffff]
[    0.000000] e820: [mem 0xe0000000-0xfebfffff] available for PCI devices
[    0.000000] Booting paravirtualized kernel on KVM
[    0.000000] clocksource: refined-jiffies: mask: 0xffffffff max_cycles: 0xffffffff, max_idle_ns: 7645519600211568 ns
[    0.000000] random: get_random_bytes called from start_kernel+0x99/0x4fd with crng_init=0
[    0.000000] setup_percpu: NR_CPUS:8192 nr_cpumask_bits:2 nr_cpu_ids:2 nr_node_ids:1
[    0.000000] percpu: Embedded 46 pages/cpu @        (ptrval) s151552 r8192 d28672 u1048576
[    0.000000] PV qspinlock hash table entries: 256 (order: 0, 4096 bytes)
[    0.000000] Built 1 zonelists, mobility grouping on.  Total pages: 2064249
[    0.000000] Policy zone: Normal
[    0.000000] Kernel command line: BOOT_IMAGE=/boot/vmlinuz-4.15.0-38-generic root=UUID=42ae2ac5-8e6f-4d6d-80e2-6064548fb804 ro console=tty1 console=ttyS0
[    0.000000] Memory: 8142452K/8388152K available (12300K kernel code, 2472K rwdata, 4248K rodata, 2408K init, 2416K bss, 245700K reserved, 0K cma-reserved)
[    0.000000] SLUB: HWalign=64, Order=0-3, MinObjects=0, CPUs=2, Nodes=1
[    0.000000] Kernel/User page tables isolation: enabled
[    0.000000] ftrace: allocating 39175 entries in 154 pages
[    0.004000] Hierarchical RCU implementation.
[    0.004000] 	RCU restricting CPUs from NR_CPUS=8192 to nr_cpu_ids=2.
[    0.004000] 	Tasks RCU enabled.
[    0.004000] RCU: Adjusting geometry for rcu_fanout_leaf=16, nr_cpu_ids=2
[    0.004000] NR_IRQS: 524544, nr_irqs: 440, preallocated irqs: 16
[    0.004000] Console: colour VGA+ 80x25
[    0.004000] console [tty1] enabled
[    0.004000] console [ttyS0] enabled
[    0.004000] ACPI: Core revision 20170831
[    0.004000] ACPI: 2 ACPI AML tables successfully acquired and loaded
[    0.004000] APIC: Switch to symmetric I/O mode setup
[    0.004000] x2apic enabled
[    0.004010] Switched APIC routing to physical x2apic.
[    0.014723] ..TIMER: vector=0x30 apic1=0 pin1=2 apic2=-1 pin2=-1
[    0.016008] tsc: Detected 2494.236 MHz processor
[    0.020012] Calibrating delay loop (skipped) preset value.. 4988.47 BogoMIPS (lpj=9976944)
[    0.024008] pid_max: default: 32768 minimum: 301
[    0.028082] Security Framework initialized
[    0.032010] Yama: becoming mindful.
[    0.036052] AppArmor: AppArmor initialized
[    0.072474] Dentry cache hash table entries: 1048576 (order: 11, 8388608 bytes)
[    0.088400] Inode-cache hash table entries: 524288 (order: 10, 4194304 bytes)
[    0.092065] Mount-cache hash table entries: 16384 (order: 5, 131072 bytes)
[    0.096079] Mountpoint-cache hash table entries: 16384 (order: 5, 131072 bytes)
[    0.100524] mce: CPU supports 0 MCE banks
[    0.101992] Last level iTLB entries: 4KB 1024, 2MB 1024, 4MB 1024
[    0.104004] Last level dTLB entries: 4KB 1024, 2MB 1024, 4MB 1024, 1GB 4
[    0.108006] Spectre V2 : Mitigation: Full generic retpoline
[    0.112005] Spectre V2 : Spectre v2 / SpectreRSB mitigation: Filling RSB on context switch
[    0.116007] Speculative Store Bypass: Vulnerable
[    0.120326] Freeing SMP alternatives memory: 36K
[    0.132000] smpboot: CPU0: Intel(R) Core(TM) i7-4710HQ CPU @ 2.50GHz (family: 0x6, model: 0x3c, stepping: 0x3)
[    0.132120] Performance Events: unsupported p6 CPU model 60 no PMU driver, software events only.
[    0.136110] Hierarchical SRCU implementation.
[    0.140789] NMI watchdog: Perf event create on CPU 0 failed with -2
[    0.144006] NMI watchdog: Perf NMI watchdog permanently disabled
[    0.156100] smp: Bringing up secondary CPUs ...
[    0.160190] x86: Booting SMP configuration:
[    0.164008] .... node  #0, CPUs:      #1
[    0.004000] kvm-clock: cpu 1, msr 2:1ff50041, secondary cpu clock
[    0.004000] mce: CPU supports 0 MCE banks
[    0.200078] smp: Brought up 1 node, 2 CPUs
[    0.204017] smpboot: Max logical packages: 1
[    0.208012] smpboot: Total of 2 processors activated (9976.94 BogoMIPS)
[    0.218120] devtmpfs: initialized
[    0.220182] x86/mm: Memory block size: 128MB
[    0.226349] evm: security.selinux
[    0.228007] evm: security.SMACK64
[    0.232007] evm: security.SMACK64EXEC
[    0.233557] evm: security.SMACK64TRANSMUTE
[    0.236006] evm: security.SMACK64MMAP
[    0.240004] evm: security.apparmor
[    0.241551] evm: security.ima
[    0.244007] evm: security.capability
[    0.252063] clocksource: jiffies: mask: 0xffffffff max_cycles: 0xffffffff, max_idle_ns: 7645041785100000 ns
[    0.256021] futex hash table entries: 512 (order: 3, 32768 bytes)
[    0.260115] pinctrl core: initialized pinctrl subsystem
[    0.264055] RTC time: 11:25:03, date: 10/30/18
[    0.268378] NET: Registered protocol family 16
[    0.272317] audit: initializing netlink subsys (disabled)
[    0.276113] audit: type=2000 audit(1540898706.883:1): state=initialized audit_enabled=0 res=1
[    0.300016] cpuidle: using governor ladder
[    0.304022] cpuidle: using governor menu
[    0.306045] ACPI: bus type PCI registered
[    0.308008] acpiphp: ACPI Hot Plug PCI Controller Driver version: 0.5
[    0.312290] PCI: Using configuration type 1 for base access
[    0.324087] HugeTLB registered 2.00 MiB page size, pre-allocated 0 pages
[    0.328278] ACPI: Added _OSI(Module Device)
[    0.332018] ACPI: Added _OSI(Processor Device)
[    0.336011] ACPI: Added _OSI(3.0 _SCP Extensions)
[    0.340008] ACPI: Added _OSI(Processor Aggregator Device)
[    0.344031] ACPI: Added _OSI(Linux-Dell-Video)
[    0.352010] ACPI: Added _OSI(Linux-Lenovo-NV-HDMI-Audio)
[    0.356759] ACPI: Executed 1 blocks of module-level executable AML code
[    0.379299] ACPI: Interpreter enabled
[    0.380099] ACPI: (supports S0 S5)
[    0.384007] ACPI: Using IOAPIC for interrupt routing
[    0.388912] PCI: Using host bridge windows from ACPI; if necessary, use "pci=nocrs" and report a bug
[    0.393033] ACPI: Enabled 2 GPEs in block 00 to 07
[    0.424130] ACPI: PCI Root Bridge [PCI0] (domain 0000 [bus 00-ff])
[    0.428024] acpi PNP0A03:00: _OSC: OS supports [ASPM ClockPM Segments MSI]
[    0.432102] acpi PNP0A03:00: _OSC: not requesting OS control; OS requires [ExtendedConfig ASPM ClockPM MSI]
[    0.436045] acpi PNP0A03:00: fail to add MMCONFIG information, can't access extended PCI configuration space under this bridge.
[    0.441090] PCI host bridge to bus 0000:00
[    0.444011] pci_bus 0000:00: root bus resource [io  0x0000-0x0cf7 window]
[    0.448009] pci_bus 0000:00: root bus resource [io  0x0d00-0xffff window]
[    0.452012] pci_bus 0000:00: root bus resource [mem 0x000a0000-0x000bffff window]
[    0.456010] pci_bus 0000:00: root bus resource [mem 0xe0000000-0xffdfffff window]
[    0.460010] pci_bus 0000:00: root bus resource [bus 00-ff]
[    0.470954] pci 0000:00:01.1: legacy IDE quirk: reg 0x10: [io  0x01f0-0x01f7]
[    0.472009] pci 0000:00:01.1: legacy IDE quirk: reg 0x14: [io  0x03f6]
[    0.476010] pci 0000:00:01.1: legacy IDE quirk: reg 0x18: [io  0x0170-0x0177]
[    0.480010] pci 0000:00:01.1: legacy IDE quirk: reg 0x1c: [io  0x0376]
[    0.598880] pci 0000:00:07.0: quirk: [io  0x4000-0x403f] claimed by PIIX4 ACPI
[    0.600061] pci 0000:00:07.0: quirk: [io  0x4100-0x410f] claimed by PIIX4 SMB
[    0.648787] ACPI: PCI Interrupt Link [LNKA] (IRQs 5 9 10 *11)
[    0.656923] ACPI: PCI Interrupt Link [LNKB] (IRQs 5 9 10 *11)
[    0.660495] ACPI: PCI Interrupt Link [LNKC] (IRQs 5 9 *10 11)
[    0.668337] ACPI: PCI Interrupt Link [LNKD] (IRQs 5 *9 10 11)
[    0.672843] SCSI subsystem initialized
[    0.680082] pci 0000:00:02.0: vgaarb: setting as boot VGA device
[    0.684000] pci 0000:00:02.0: vgaarb: VGA device added: decodes=io+mem,owns=io+mem,locks=none
[    0.684013] pci 0000:00:02.0: vgaarb: bridge control possible
[    0.688008] vgaarb: loaded
[    0.692077] ACPI: bus type USB registered
[    0.696057] usbcore: registered new interface driver usbfs
[    0.700037] usbcore: registered new interface driver hub
[    0.704089] usbcore: registered new device driver usb
[    0.708161] EDAC MC: Ver: 3.0.0
[    0.713038] PCI: Using ACPI for IRQ routing
[    0.716770] NetLabel: Initializing
[    0.720008] NetLabel:  domain hash size = 128
[    0.724009] NetLabel:  protocols = UNLABELED CIPSOv4 CALIPSO
[    0.728050] NetLabel:  unlabeled traffic allowed by default
[    0.732312] clocksource: Switched to clocksource kvm-clock
[    0.916464] VFS: Disk quotas dquot_6.6.0
[    0.992702] VFS: Dquot-cache hash table entries: 512 (order 0, 4096 bytes)
[    1.019728] AppArmor: AppArmor Filesystem Enabled
[    1.041780] pnp: PnP ACPI init
[    1.055933] pnp: PnP ACPI: found 3 devices
[    1.151267] clocksource: acpi_pm: mask: 0xffffff max_cycles: 0xffffff, max_idle_ns: 2085701024 ns
[    1.202564] NET: Registered protocol family 2
[    1.204331] TCP established hash table entries: 65536 (order: 7, 524288 bytes)
[    1.282549] TCP bind hash table entries: 65536 (order: 8, 1048576 bytes)
[    1.371838] TCP: Hash tables configured (established 65536 bind 65536)
[    1.391051] UDP hash table entries: 4096 (order: 5, 131072 bytes)
[    1.502414] UDP-Lite hash table entries: 4096 (order: 5, 131072 bytes)
[    1.659421] NET: Registered protocol family 1
[    1.706526] pci 0000:00:00.0: Limiting direct PCI/PCI transfers
[    1.742608] pci 0000:00:01.0: Activating ISA DMA hang workarounds
[    1.755018] pci 0000:00:02.0: Video device with shadowed ROM at [mem 0x000c0000-0x000dffff]
[    1.913798] Unpacking initramfs...
[    3.806649] Freeing initrd memory: 19508K
[    3.865164] PCI-DMA: Using software bounce buffering for IO (SWIOTLB)
[    3.900404] software IO TLB [mem 0xdbff0000-0xdfff0000] (64MB) mapped at [        (ptrval)-        (ptrval)]
[    3.929472] platform rtc_cmos: registered platform RTC device (no PNP device found)
[    3.932629] Scanning for low memory corruption every 60 seconds
[    3.944008] Initialise system trusted keyrings
[    3.963850] Key type blacklist registered
[    3.989669] workingset: timestamp_bits=36 max_order=21 bucket_order=0
[    4.011198] zbud: loaded
[    4.047566] squashfs: version 4.0 (2009/01/31) Phillip Lougher
[    4.082160] fuse init (API version 7.26)
[    4.124810] Key type asymmetric registered
[    4.167269] Asymmetric key parser 'x509' registered
[    4.192478] Block layer SCSI generic (bsg) driver version 0.4 loaded (major 246)
[    4.246216] io scheduler noop registered
[    4.291227] io scheduler deadline registered
[    4.336956] io scheduler cfq registered (default)
[    4.365715] ACPI: AC Adapter [AC] (on-line)
[    4.417132] input: Power Button as /devices/LNXSYSTM:00/LNXPWRBN:00/input/input0
[    4.489683] ACPI: Power Button [PWRF]
[    4.525341] input: Sleep Button as /devices/LNXSYSTM:00/LNXSLPBN:00/input/input1
[    4.594349] ACPI: Sleep Button [SLPF]
[    4.603805] ACPI: Battery Slot [BAT0] (battery present)
[    4.623265] Serial: 8250/16550 driver, 32 ports, IRQ sharing enabled
[    4.700088] 00:02: ttyS0 at I/O 0x3f8 (irq = 4, base_baud = 115200) is a 16550A
[    4.740953] Linux agpgart interface v0.103
[    4.776994] loop: module loaded
[    4.808218] scsi host0: ata_piix
[    4.857769] scsi host1: ata_piix
[    4.901438] ata1: PATA max UDMA/33 cmd 0x1f0 ctl 0x3f6 bmdma 0xd000 irq 14
[    4.913761] ata2: PATA max UDMA/33 cmd 0x170 ctl 0x376 bmdma 0xd008 irq 15
[    4.916613] libphy: Fixed MDIO Bus: probed
[    4.953055] tun: Universal TUN/TAP device driver, 1.6
[    4.956254] tsc: Refined TSC clocksource calibration: 2492.758 MHz
[    4.956264] clocksource: tsc: mask: 0xffffffffffffffff max_cycles: 0x23ee80707e1, max_idle_ns: 440795219363 ns
[    5.291466] PPP generic driver version 2.4.2
[    5.353652] ehci_hcd: USB 2.0 'Enhanced' Host Controller (EHCI) Driver
[    5.420667] ehci-pci: EHCI PCI platform driver
[    5.422005] ehci-platform: EHCI generic platform driver
[    5.481736] ohci_hcd: USB 1.1 'Open' Host Controller (OHCI) Driver
[    5.486561] ohci-pci: OHCI PCI platform driver
[    5.488240] ohci-platform: OHCI generic platform driver
[    5.592751] uhci_hcd: USB Universal Host Controller Interface driver
[    5.607926] i8042: PNP: PS/2 Controller [PNP0303:PS2K,PNP0f03:PS2M] at 0x60,0x64 irq 1,12
[    5.646822] serio: i8042 KBD port at 0x60,0x64 irq 1
[    5.722461] serio: i8042 AUX port at 0x60,0x64 irq 12
[    5.728918] mousedev: PS/2 mouse device common for all mice
[    5.772000] input: AT Translated Set 2 keyboard as /devices/platform/i8042/serio0/input/input2
[    5.847775] rtc_cmos rtc_cmos: rtc core: registered rtc_cmos as rtc0
[    5.970988] rtc_cmos rtc_cmos: alarms up to one day, 114 bytes nvram
[    6.037121] i2c /dev entries driver
[    6.050268] pcie_mp2_amd: AMD(R) PCI-E MP2 Communication Driver Version: 1.0
[    6.096878] device-mapper: uevent: version 1.0.3
[    6.134582] device-mapper: ioctl: 4.37.0-ioctl (2017-09-20) initialised: dm-devel@redhat.com
[    6.200464] ledtrig-cpu: registered to indicate activity on CPUs
[    6.251523] NET: Registered protocol family 10
[    6.303518] Segment Routing with IPv6
[    6.342672] NET: Registered protocol family 17
[    6.358904] Key type dns_resolver registered
[    6.413086] RAS: Correctable Errors collector initialized.
[    6.481108] sched_clock: Marking stable (6480954957, 0)->(17706993381, -11226038424)
[    6.544461] registered taskstats version 1
[    6.569506] Loading compiled-in X.509 certificates
[    6.608377] Loaded X.509 cert 'Build time autogenerated kernel key: f3a9ae7fdf18cf897e7c53db8499a9c1252f0be9'
[    6.671002] zswap: loaded using pool lzo/zbud
[    6.716542] Key type big_key registered
[    6.733574] Key type trusted registered
[    6.758009] Key type encrypted registered
[    6.807880] AppArmor: AppArmor sha1 policy hashing enabled
[    6.837494] ima: No TPM chip found, activating TPM-bypass! (rc=-19)
[    6.863567] ima: Allocated hash algorithm: sha1
[    6.888771] evm: HMAC attrs: 0x1
[    6.894071]   Magic number: 6:819:429
[    6.923368] rtc_cmos rtc_cmos: setting system clock to 2018-10-30 11:25:11 UTC (1540898711)
[    6.954446] BIOS EDD facility v0.16 2004-Jun-25, 0 devices found
[    6.960235] EDD information not available.
[    6.993938] Freeing unused kernel memory: 2408K
[    7.033825] Write protecting the kernel read-only data: 20480k
[    7.176168] Freeing unused kernel memory: 2008K
[    7.225341] Freeing unused kernel memory: 1896K
[    7.362563] x86/mm: Checked W+X mappings: passed, no W+X pages found.
[    7.477838] x86/mm: Checking user space page tables
[    7.563230] x86/mm: Checked W+X mappings: passed, no W+X pages found.
Loading, please wait...
starting version 237
[    7.848865] e1000: Intel(R) PRO/1000 Network Driver - version 7.3.21-k8-NAPI
[    7.866847] e1000: Copyright (c) 1999-2006 Intel Corporation.
[    7.930535] Fusion MPT base driver 3.04.20
[    7.934146] Copyright (c) 1999-2008 LSI Corporation
[    7.984034] Fusion MPT SPI Host driver 3.04.20
[    8.000693] AVX version of gcm_enc/dec engaged.
[    8.010591] AES CTR mode by8 optimization enabled
[    8.140016] input: ImExPS/2 Generic Explorer Mouse as /devices/platform/i8042/serio1/input/input4
[    8.538781] e1000 0000:00:03.0 eth0: (PCI:33MHz:32-bit) 02:c3:3e:8c:d0:03
[    8.563798] e1000 0000:00:03.0 eth0: Intel(R) PRO/1000 Network Connection
[    8.587713] e1000 0000:00:03.0 enp0s3: renamed from eth0
[    8.620994] mptbase: ioc0: Initiating bringup
[    8.757035] ioc0: LSI53C1030 A0: Capabilities={Initiator}
[    9.010709] scsi host2: ioc0: LSI53C1030 A0, FwRev=00000000h, Ports=1, MaxQ=256, IRQ=20
[    9.229150] scsi 2:0:0:0: Direct-Access     VBOX     HARDDISK         1.0  PQ: 0 ANSI: 5
[    9.323037] scsi target2:0:0: Beginning Domain Validation
[    9.389340] random: fast init done
[    9.390558] scsi target2:0:0: Domain Validation skipping write tests
[    9.417553] scsi target2:0:0: Ending Domain Validation
[    9.419130] scsi target2:0:0: asynchronous
[    9.447118] scsi 2:0:1:0: Direct-Access     VBOX     HARDDISK         1.0  PQ: 0 ANSI: 5
[    9.489630] scsi target2:0:1: Beginning Domain Validation
[    9.612486] scsi target2:0:1: Domain Validation skipping write tests
[    9.754709] scsi target2:0:1: Ending Domain Validation
[    9.785047] scsi target2:0:1: asynchronous
[    9.845194] random: systemd-udevd: uninitialized urandom read (16 bytes read)
[    9.912868] sd 2:0:0:0: Attached scsi generic sg0 type 0
[    9.934462] random: systemd-udevd: uninitialized urandom read (16 bytes read)
[    9.934798] sd 2:0:1:0: Attached scsi generic sg1 type 0
[    9.935153] sd 2:0:1:0: [sdb] 20480 512-byte logical blocks: (10.5 MB/10.0 MiB)
[    9.935264] sd 2:0:1:0: [sdb] Write Protect is off
[    9.935461] sd 2:0:1:0: [sdb] Incomplete mode parameter data
[    9.935464] sd 2:0:1:0: [sdb] Assuming drive cache: write through
[    9.938082] sd 2:0:1:0: [sdb] Attached SCSI disk
[    9.988393] sd 2:0:0:0: [sda] 20971520 512-byte logical blocks: (10.7 GB/10.0 GiB)
[    9.988477] sd 2:0:0:0: [sda] Write Protect is off
[    9.988639] sd 2:0:0:0: [sda] Incomplete mode parameter data
[    9.988643] sd 2:0:0:0: [sda] Assuming drive cache: write through
[    9.989967]  sda: sda1
[    9.991052] sd 2:0:0:0: [sda] Attached SCSI disk
[   10.162994] random: systemd-udevd: uninitialized urandom read (16 bytes read)
Begin: Loading essential drivers ... [   12.752062] raid6: sse2x1   gen()  1695 MB/s
[   12.812296] raid6: sse2x1   xor()  1112 MB/s
[   12.896124] raid6: sse2x2   gen()  3129 MB/s
[   12.960208] raid6: sse2x2   xor()  1637 MB/s
[   13.016306] raid6: sse2x4   gen()  6129 MB/s
[   13.108151] raid6: sse2x4   xor()  3644 MB/s
[   13.123314] raid6: using algorithm sse2x4 gen() 6129 MB/s
[   13.130769] raid6: .... xor() 3644 MB/s, rmw enabled
[   13.153959] raid6: using ssse3x2 recovery algorithm
[   13.162275] xor: automatically using best checksumming function   avx       
[   13.235012] async_tx: api initialized (async)
done.
Begin: Running /scripts/init-premount ... done.
Begin: Mounting root file system ... Begin: Running /scripts/local-top ... done.
Begin: Running /scripts/local-premount ... [   13.378649] Btrfs loaded, crc32c=crc32c-intel
Scanning for Btrfs filesystems
done.
Warning: fsck not present, so sk[   13.436478] EXT4-fs (sda1): mounted filesystem with ordered data mode. Opts: (null)
ipping root file system
done.
Begin: Running /scripts/local-bottom ... done.
Begin: Running /scripts/init-bottom ... done.
[   13.731013] ip_tables: (C) 2000-2006 Netfilter Core Team
[   13.777091] systemd[1]: systemd 237 running in system mode. (+PAM +AUDIT +SELINUX +IMA +APPARMOR +SMACK +SYSVINIT +UTMP +LIBCRYPTSETUP +GCRYPT +GNUTLS +ACL +XZ +LZ4 +SECCOMP +BLKID +ELFUTILS +KMOD -IDN2 +IDN -PCRE2 default-hierarchy=hybrid)
[   13.851765] systemd[1]: Detected virtualization oracle.
[   13.883733] systemd[1]: Detected architecture x86-64.

Welcome to [1mUbuntu 18.04.1 LTS[0m!

[   13.946155] systemd[1]: Set hostname to <ubuntu-bionic>.
[   14.413984] systemd[1]: Reached target User and Group Name Lookups.
[[0;32m  OK  [0m] Reached target User and Group Name Lookups.
[   14.445456] systemd[1]: Started Forward Password Requests to Wall Directory Watch.
[[0;32m  OK  [0m] Started Forward Password Requests to Wall Directory Watch.
[   14.501037] systemd[1]: Reached target Swap.
[[0;32m  OK  [0m] Reached target Swap.
[   14.541564] systemd[1]: Created slice System Slice.
[[0;32m  OK  [0m] Created slice System Slice.
[   14.578743] systemd[1]: Listening on Journal Socket (/dev/log).
[[0;32m  OK  [0m] Listening on Journal Socket (/dev/log).
[   14.648615] systemd[1]: Listening on Network Service Netlink Socket.
[[0;32m  OK  [0m] Listening on Network Service Netlink Socket.
[[0;32m  OK  [0m] Listening on udev Control Socket.
[[0;32m  OK  [0m] Listening on udev Kernel Socket.
[[0;32m  OK  [0m] Reached target System Time Synchronized.
[[0;32m  OK  [0m] Created slice system-serial\x2dgetty.slice.
[[0;32m  OK  [0m] Listening on LVM2 poll daemon socket.
[[0;32m  OK  [0m] Listening on /dev/initctl Compatibility Named Pipe.
[[0;32m  OK  [0m] Listening on Journal Socket.
         Starting Create list of required stâ€¦ce nodes for the current kernel...
         Starting Set the console keyboard layout...
         Mounting Huge Pages File System...
         Mounting Kernel Debug File System...
         Mounting POSIX Message Queue File System...
         Starting udev Coldplug all Devices...
         Starting Load Kernel Modules...
[   15.295199] Loading iSCSI transport class v2.0-870.
         Startin[   15.322562] iscsi: registered transport (tcp)
g Remount Root and Kernel File Systems...
[[0;32m  OK  [[   15.351015] EXT4-fs (sda1): re-mounted. Opts: (null)
0m] Listening on LVM2 metadata daemon socket.
[[0;32m  OK  [0m] Set up automount Arbitrary Executabâ€¦rmats File System Automount Point.
[[0;32m  OK  [0m] Created slice User and Session Slice.
[[0;32m  OK  [0m] Listening on Journal Audit Socket.
[[0;32m  OK  [0m] Reached target Slices.
[[0;32m  OK  [0m] Listening on Syslog Socket.
         Startin[   15.423694] iscsi: registered transport (iser)
g Journal Service...
         Starting Uncomplicated firewall...
[[0;32m  OK  [0m] Listening on Device-mapper event daemon FIFOs.
         Starting Monitoring of LVM2 mirrorsâ€¦ng dmeventd or progress polling...
[[0;32m  OK  [0m] Started Create list of required staâ€¦vice nodes for the current kernel.
[[0;32m  OK  [0m] Started Journal Service.
[[0;32m  OK  [0m] Started Set the console keyboard layout.
[[0;32m  OK  [0m] Mounted Huge Pages File System.
[[0;32m  OK  [0m] Mounted Kernel Debug File System.
[[0;32m  OK  [0m] Mounted POSIX Message Queue File System.
[[0;32m  OK  [0m] Started Load Kernel Modules.
[[0;32m  OK  [0m] Started Remount Root and Kernel File Systems.
[[0;32m  OK  [0m] Started Uncomplicated firewall.
[[0;32m  OK  [0m] Started udev Coldplug all Devices.
[[0;32m  OK  [0m] Started LVM2 metadata daemon.
         Starting Initial cloud-init job (pre-networking)...
         Starting Load/Sa[   16.076035] random: crng init done
ve Random Seed...
[   16.124427] random: 7 urandom warning(s) missed due to ratelimiting
         Mounting FUSE Control File System...
         Starting Apply Kernel Variables...
         Mounting Kernel Configuration File System...
         Starting Flush Journal to Persistent Storage...
         Starting Create Static Device Nodes in /dev...
[[0;32m  OK  [0m] Started Monitoring of LVM2 mirrors,â€¦sing dmeventd or progress polling.
[[0;32m  OK  [0m] Started Load/Save Random Seed.
[[0;32m  OK  [0m] Mounted FUSE Control File System.
[[0;32m  OK  [0m] Mounted Kernel Configuration File System.
[[0;32m  OK  [0m] Started Create Static Device Nodes in /dev.
         Starting udev Kernel Device Manager...
[[0;32m  OK  [0m] Reached target Local File Systems (Pre).
[[0;32m  OK  [0m] Reached target Local File Systems.
         Starting AppArmor initialization...
         Starting ebtables ruleset management...
         Starting Set console font and keymap...
         Starting Tell Plymouth To Write Out Runtime Data...
[[0;32m  OK  [0m] Started Apply Kernel Variables.
[[0;32m  OK  [0m] Started Set console font and keymap.
[[0;32m  OK  [0m] Started Tell Plymouth To Write Out Runtime Data.
[[0;32m  OK  [0m] Started udev Kernel Device Manager.
[[0;32m  OK  [0m] Started Dispatch Password Requests to Console Directory Watch.
[[0;32m  OK  [0m] Reached target Local Encrypted Volumes.
[[0;32m  OK  [0m] Started Flush Journal to Persistent Storage.
         Starting Create Volatile Files and Directories...
[[0;32m  OK  [0m] Started Create Volatile Files and Directories.
         Starting Update UTMP about System Boot/Shutdown...
[[0;32m  OK  [0m] Started ebtables ruleset management.
[[0;32m  OK  [0m] Started Update UTMP about System Boot/Shutdown.
[[0;32m  OK  [0m] Started AppArmor initialization.
[[0;32m  OK  [0m] Found device /dev/ttyS0.
[[0;32m  OK  [0m] Listening on Load/Save RF Kill Switch Status /dev/rfkill Watch.
[   19.286813] cloud-init[428]: Cloud-init v. 18.4-0ubuntu1~18.04.1 running 'init-local' at Tue, 30 Oct 2018 11:25:23 +0000. Up 18.86 seconds.
[[0;32m  OK  [0m] Started Initial cloud-init job (pre-networking).
[[0;32m  OK  [0m] Reached target Network (Pre).
         Starting Network Service...
[[0;32m  OK  [0m] Started Network Service.
         Starting Wait for Network to be Configured...
         Starting Network Name Resolution...
[[0;32m  OK  [0m] Started Network Name Resolution.
[[0;32m  OK  [0m] Reached target Host and Network Name Lookups.
[[0;32m  OK  [0m] Reached target Network.
[[0;32m  OK  [0m] Started Wait for Network to be Configured.
         Starting Initial cloud-init job (metadata service crawler)...
[   23.976309] cloud-init[712]: Cloud-init v. 18.4-0ubuntu1~18.04.1 running 'init' at Tue, 30 Oct 2018 11:25:27 +0000. Up 23.22 seconds.
[   24.061120] cloud-init[712]: ci-info: ++++++++++++++++++++++++++++++++++++++Net device info++++++++++++++++++++++++++++++++++++++
[   24.116338] cloud-init[712]: ci-info: +--------+------+----------------------------+---------------+--------+-------------------+
[[   24.180275] cloud-init[712]: ci-info: | Device |  Up  |          Address           |      Mask     | Scope  |     Hw-Address    |
[   24.180457] cloud-init[712]: ci-info: +--------+------+----------------------------+---------------+--------+-------------------+
[0;32m  OK  [0m] Started Initial cloud-init job (metadata service crawler).
[   24.180652] cloud-init[712]: ci-info: | enp0s3 | True |         10.0.2.15          | 255.255.255.0 | global | 02:c3:3e:8c:d0:03 |
[[   24.436690] cloud-init[712]: ci-info: | enp0s3 | True | fe80::c3:3eff:fe8c:d003/64 |       .       |  link  | 02:c3:3e:8c:d0:03 |
[0;32m  OK  [0m] Reached target System Initialization.
[   24.437650] cloud-init[712]: ci-info: |   lo   | True |         127.0.0.1          |   255.0.0.0   |  host  |         .         |
[   24.574352] cloud-init[712]: ci-info: |   lo   | True |          ::1/128           |       .       |  host  |         .         |
[[0;32m  OK  [0m[   24.666303] ] cloud-initListening on D-Bus System Message Bus Socket.[712]: 
ci-info: +--------+------+----------------------------+---------------+--------+-------------------+
[[   24.731506] cloud-init[712]: ci-info: ++++++++++++++++++++++++++++Route IPv4 info+++++++++++++++++++++++++++++
[   24.731831] cloud-init[712]: ci-info: +-------+-------------+----------+-----------------+-----------+-------+
[0;32m  OK  [0m] Started Discard unused blocks once a week.
[   24.733616] cloud-init[712]: ci-info: | Route | Destination | Gateway  |     Genmask     | Interface | Flags |
[[0;32m  OK  [0m[   24.965992] ] cloud-initListening on UUID daemon activation socket.[712]: 
ci-info: +-------+-------------+----------+-----------------+-----------+-------+
[[0;32m  OK  [0m] Started ACPI Events Check.[   25.049459] 
cloud-init[712]: ci-info: |   0   |   0.0.0.0   | 10.0.2.2 |     0.0.0.0     |   enp0s3  |   UG  |
[[   25.100447] cloud-init[712]: ci-info: |   1   |   10.0.2.0  | 0.0.0.0  |  255.255.255.0  |   enp0s3  |   U   |
[   25.100786] cloud-init[712]: ci-info: |   2   |   10.0.2.2  | 0.0.0.0  | 255.255.255.255 |   enp0s3  |   UH  |
[0;32m  OK  [0m] Reached target Paths.
[   25.101144] cloud-init[712]: ci-info: +-------+-------------+----------+-----------------+-----------+-------+
[   25.156733] cloud-init[712]: ci-info: +++++++++++++++++++Route IPv6 info+++++++++++++++++++
[   25.160644] cloud-init[712]: ci-info: +-------+-------------+---------+-----------+-------+
         Starting LXD - unix socket.
[[0;32m  OK  [0m] Started Daily apt download activities.
[[0;32m  OK  [0m] Started Message of the Day.
[   25.207033] cloud-init[712]: ci-info: | Route | Destination | Gateway | Interface | Flags |
[[0;32m  OK  [0m[   25.308383] cloud-init[712]: ci-info: +-------+-------------+---------+-----------+-------+
[   25.308547] cloud-init[712]: ci-info: |   1   |  fe80::/64  |    ::   |   enp0s3  |   U   |
[   25.308763] cloud-init[712]: ci-info: |   3   |    local    |    ::   |   enp0s3  |   U   |
[   25.309084] cloud-init[712]: ci-info: |   4   |   ff00::/8  |    ::   |   enp0s3  |   U   |
[   25.309229] cloud-init[712]: ci-info: +-------+-------------+---------+-----------+-------+
] Started Daily Cleanup of Temporary Directories.
[[0;32m  OK  [0m] Listening on ACPID Listen Socket.
[[0;32m  OK  [0m] Started Daily apt upgrade and clean activities.
[[0;32m  OK  [0m] Reached target Timers.
         Starting Socket activation for snappy daemon.
[[0;32m  OK  [0m] Listening on Open-iSCSI iscsid Socket.
[[0;32m  OK  [0m] Reached target Cloud-config availability.
[[0;32m  OK  [0m] Reached target Network is Online.
[[0;32m  OK  [0m] Reached target Remote File Systems (Pre).
[[0;32m  OK  [0m] Reached target Remote File Systems.
         Starting Availability of block devices...
[[0;32m  OK  [0m] Listening on LXD - unix socket.
[[0;32m  OK  [0m] Listening on Socket activation for snappy daemon.
[[0;32m  OK  [0m] Started Availability of block devices.
[[0;32m  OK  [0m] Reached target Sockets.
[[0;32m  OK  [0m] Reached target Basic System.
[[0;32m  OK  [0m] Started Deferred execution scheduler.
         Starting Disk Manager...
         Starting System Logging Service...
         Starting Virtualbox guest utils...
         Starting Permit User Sessions...
         Starting LSB: Record successful boot for GRUB...
         Starting OpenBSD Secure Shell server...
[[0;32m  OK  [0m] Started Unattended Upgrades Shutdown.
         Starting LSB: automatic crash report generation...
[[0;32m  OK  [0m] Started D-Bus System Message Bus.
[[0;32m  OK  [0m] Started irqbalance daemon.
         Starting Snappy daemon...
[[0;32m  OK  [0m] Started Regular background program processing daemon.
[[0;32m  OK  [0m] Started FUSE filesystem for LXC.
         Starting Dispatcher daemon for systemd-networkd...
         Starting Login Service...
         Starting Accounts Service...
         Starting LXD - container startup/shutdown...
[[0;32m  OK  [0m] Started System Logging Service.
[[0;32m  OK  [0m] Started Permit User Sessions.
[[0;32m  OK  [0m] Started Snappy daemon.
[[0;32m  OK  [0m] Started OpenBSD Secure Shell server.
[[0;32m  OK  [0m] Started Login Service.
         Starting Wait until snapd is fully seeded...
         Starting Authorization Manager...
         Starting Hold until boot process finishes up...
         Starting Terminate Plymouth Boot Screen...
[[0;32m  OK  [0m] Started Hold until boot process finishes up.
[[0;32m  OK  [0m] Started Terminate Plymouth Boot Screen.
[[0;32m  OK  [0m] Started Serial Getty on ttyS0.
         Starting Set console scheme...
[[0;32m  OK  [0m] Started LSB: Record successful boot for GRUB.
[[0;32m  OK  [0m] Started LSB: automatic crash report generation.
[[0;32m  OK  [0m] Started Wait until snapd is fully seeded.
[[0;32m  OK  [0m] Started Authorization Manager.
[[0;32m  OK  [0m] Started Set console scheme.
[[0;32m  OK  [0m] Started LXD - container startup/shutdown.
[[0;32m  OK  [0m] Started Accounts Service.
[[0;32m  OK  [0m] Created slice system-getty.slice.
[[0;32m  OK  [0m] Started Getty on tty1.
[[0;32m  OK  [0m] Reached target Login Prompts.
         Starting Apply the settings specified in cloud-config...
[[0;32m  OK  [0m] Started Virtualbox guest utils.
[[0;32m  OK  [0m] Started Disk Manager.
[[0;32m  OK  [0m] Started Dispatcher daemon for systemd-networkd.
[[0;32m  OK  [0m] Reached target Multi-User System.
[[0;32m  OK  [0m] Reached target Graphical Interface.
         Starting Update UTMP about System Runlevel Changes...
[[0;32m  OK  [0m] Started Update UTMP about System Runlevel Changes.
[[0;32m  OK  [0m] Created slice User Slice of vagrant.
         Starting User Manager for UID 1000...
[[0;32m  OK  [0m] Started Session 1 of user vagrant.
[[0;32m  OK  [0m] Started User Manager for UID 1000.
[   28.769547] cloud-init[1022]: Cloud-init v. 18.4-0ubuntu1~18.04.1 running 'modules:config' at Tue, 30 Oct 2018 11:25:33 +0000. Up 28.53 seconds.
[[0;32m  OK  [0m] Started Apply the settings specified in cloud-config.
         Starting Execute cloud user/final scripts...
[   30.322080] cloud-init[1132]: Cloud-init v. 18.4-0ubuntu1~18.04.1 running 'modules:final' at Tue, 30 Oct 2018 11:25:34 +0000. Up 30.09 seconds.
[   30.380905] cloud-init[1132]: Cloud-init v. 18.4-0ubuntu1~18.04.1 finished at Tue, 30 Oct 2018 11:25:34 +0000. Datasource DataSourceNoCloud [seed=/dev/sdb][dsmode=net].  Up 30.30 seconds
[[0;32m  OK  [0m] Started Execute cloud user/final scripts.
[[0;32m  OK  [0m] Reached target Cloud-init target.

Ubuntu 18.04.1 LTS ubuntu-bionic ttyS0

ubuntu-bionic login: 